// Jest Snapshot v1, https://goo.gl/fbAQLP

exports[`Login renders correctly 1`] = `
<div>
  <h2>
    Login
  </h2>
  <form
    onSubmit={[Function]}
  >
    <label
      htmlFor="users"
    >
      Select User
    </label>
    <br />
    <select
      id="users"
      onChange={[Function]}
      value=""
    >
      <option
        value=""
      >
        Select User
      </option>
      <option
        value="sarahedo"
      >
        Sarah Edo
      </option>
    </select>
    <button
      type="submit"
    >
      Login
    </button>
  </form>
</div>
`;
